// Jest Snapshot v1, https://goo.gl/fbAQLP

exports[`should render ExpenseListItem correctly 1`] = `
<div>
  <p>
    this error 404 
    <Link
      replace={false}
      to="/"
    >
      go home
    </Link>
     
  </p>
</div>
`;
